// Jest Snapshot v1, https://goo.gl/fbAQLP

exports[`Controls Module should match the snapshot 1`] = `
<div
  className="controls panel"
>
  <button
    className="toggle-btn"
    data-testid="lock-button"
    disabled={true}
  >
    Lock Gate
  </button>
  <button
    className="toggle-btn"
  >
    Close Gate
  </button>
</div>
`;
